============================= test session starts =============================
platform win32 -- Python 3.10.9, pytest-7.2.1, pluggy-1.0.0
rootdir: D:\Duke\Lectures\07_BIO_821_PYTHON_TOOLS\ehr-utils-wafiakmal, configfile: pyproject.toml
plugins: anyio-3.6.2
collected 3 items

test_file.py ..F                                                         [100%]

================================== FAILURES ===================================
____________________________ test_patient_is_sick _____________________________

    def test_patient_is_sick() -> None:
        lab_results = (
            {
                "1": {
                    "PatientGender": "Male",
                    "PatientDateOfBirth": "1973-08-16 10:58:34.413",
                },
                "2": {
                    "PatientGender": "Female",
                    "PatientDateOfBirth": "1952-01-18 19:51:12.917",
                },
            },
            {
                "1": [
                    {"LabName": "METABOLIC: ALBUMIN", "LabValue": "100"},
                    {"LabName": "METABOLIC: ALBUMIN", "LabValue": "110"},
                ],
                "2": [{"LabName": "METABOLIC: ALBUMIN", "LabValue": "90"}],
            },
        )
        patient_id1 = "1"
        lab_name1 = "METABOLIC: ALBUMIN"
        operator1 = ">"
        value1 = 105
        result1 = patient_is_sick(
            lab_results, patient_id1, lab_name1, operator1, value1
        )
        assert result1
        patient_id2 = "1"
        lab_name2 = "METABOLIC: ALBUMIN"
        operator2 = "<"
        value2 = 130
        result2 = patient_is_sick(
            lab_results, patient_id2, lab_name2, operator2, value2
        )
        assert result2
        patient_id3 = "3"
        lab_name3 = "METABOLIC: ALBUMIN"
        operator3 = ">"
        value3 = 115
        result3 = patient_is_sick(
            lab_results, patient_id3, lab_name3, operator3, value3
        )
>       assert result3
E       assert False

test_file.py:113: AssertionError
=========================== short test summary info ===========================
FAILED test_file.py::test_patient_is_sick - assert False
========================= 1 failed, 2 passed in 0.11s =========================
